exports[`test Layout renders correctly 1`] = `
<div
  className="row h-text-center">
  <img
    src="http://target.scene7.com/is/image/Target/14263758" />
</div>
`;
